{"timestamp":"2026-09-06T07:22:13.130254","level":"info","event":"DAG bundles loaded: dags-folder","logger":"airflow.dag_processing.bundles.manager.DagBundlesManager"}
{"timestamp":"2026-09-06T07:22:13.130939","level":"info","event":"Filling up the DagBag from /opt/airflow/dags/zomato_batch.py","logger":"airflow.models.dagbag.DagBag"}
{"timestamp":"2026-09-06T07:22:13.201003","level":"info","event":"Tmp dir root location: /tmp","logger":"airflow.task.hooks.airflow.providers.standard.hooks.subprocess.SubprocessHook"}
{"timestamp":"2026-09-06T07:22:13.201572","level":"info","event":"Running command: ['/usr/bin/bash', '-c', '/opt/airflow/dbt_venv/bin/dbt build --exclude tag:ai --project-dir /opt/airflow/dbt/zomato --profiles-dir /home/airflow/.dbt']","logger":"airflow.task.hooks.airflow.providers.standard.hooks.subprocess.SubprocessHook"}
{"timestamp":"2026-09-06T07:22:13.216657","level":"info","event":"Output:","logger":"airflow.task.hooks.airflow.providers.standard.hooks.subprocess.SubprocessHook"}
{"timestamp":"2026-09-06T07:22:16.823235","level":"info","event":"\u001b[0m07:22:16  Running with dbt=1.12.3","logger":"airflow.task.hooks.airflow.providers.standard.hooks.subprocess.SubprocessHook"}
{"timestamp":"2026-09-06T07:22:17.728502","level":"info","event":"\u001b[0m07:22:17  Registered adapter: snowflake=1.8.4","logger":"airflow.task.hooks.airflow.providers.standard.hooks.subprocess.SubprocessHook"}
{"timestamp":"2026-09-06T07:22:18.095203","level":"info","event":"\u001b[0m07:22:18  Unable to do partial parsing because profile has changed","logger":"airflow.task.hooks.airflow.providers.standard.hooks.subprocess.SubprocessHook"}
{"timestamp":"2026-09-06T07:22:20.828793","level":"info","event":"\u001b[0m07:22:20  [\u001b[33mWARNING\u001b[0m][MissingArgumentsPropertyInGenericTestDeprecation]: Deprecated","logger":"airflow.task.hooks.airflow.providers.standard.hooks.subprocess.SubprocessHook"}
{"timestamp":"2026-09-06T07:22:20.828964","level":"info","event":"functionality","logger":"airflow.task.hooks.airflow.providers.standard.hooks.subprocess.SubprocessHook"}
{"timestamp":"2026-09-06T07:22:20.829074","level":"info","event":"Found top-level arguments to test `relationships` defined on 'fct_orders' in","logger":"airflow.task.hooks.airflow.providers.standard.hooks.subprocess.SubprocessHook"}
{"timestamp":"2026-09-06T07:22:20.829182","level":"info","event":"package 'zomato' (models/marts/_marts.yml). Arguments to generic tests should be","logger":"airflow.task.hooks.airflow.providers.standard.hooks.subprocess.SubprocessHook"}
{"timestamp":"2026-09-06T07:22:20.829285","level":"info","event":"nested under the `arguments` property.","logger":"airflow.task.hooks.airflow.providers.standard.hooks.subprocess.SubprocessHook"}
{"timestamp":"2026-09-06T07:22:21.097115","level":"info","event":"\u001b[0m07:22:21  [\u001b[33mWARNING\u001b[0m]: Configuration paths exist in your dbt_project.yml file which do not apply to any resources.","logger":"airflow.task.hooks.airflow.providers.standard.hooks.subprocess.SubprocessHook"}
{"timestamp":"2026-09-06T07:22:21.097282","level":"info","event":"There are 1 unused configuration paths:","logger":"airflow.task.hooks.airflow.providers.standard.hooks.subprocess.SubprocessHook"}
{"timestamp":"2026-09-06T07:22:21.097401","level":"info","event":"- models.snapshot.zomato","logger":"airflow.task.hooks.airflow.providers.standard.hooks.subprocess.SubprocessHook"}
{"timestamp":"2026-09-06T07:22:21.378162","level":"info","event":"\u001b[0m07:22:21  Found 16 models, 16 data tests, 7 sources, 506 macros","logger":"airflow.task.hooks.airflow.providers.standard.hooks.subprocess.SubprocessHook"}
{"timestamp":"2026-09-06T07:22:21.381790","level":"info","event":"\u001b[0m07:22:21  [\u001b[33mWARNING\u001b[0m]: The selection criterion 'tag:ai' does not match any enabled nodes","logger":"airflow.task.hooks.airflow.providers.standard.hooks.subprocess.SubprocessHook"}
{"timestamp":"2026-09-06T07:22:21.385613","level":"info","event":"\u001b[0m07:22:21","logger":"airflow.task.hooks.airflow.providers.standard.hooks.subprocess.SubprocessHook"}
{"timestamp":"2026-09-06T07:22:21.386146","level":"info","event":"\u001b[0m07:22:21  Concurrency: 8 threads (target='dev')","logger":"airflow.task.hooks.airflow.providers.standard.hooks.subprocess.SubprocessHook"}
{"timestamp":"2026-09-06T07:22:21.386781","level":"info","event":"\u001b[0m07:22:21","logger":"airflow.task.hooks.airflow.providers.standard.hooks.subprocess.SubprocessHook"}
{"timestamp":"2026-09-06T07:22:29.222892","level":"info","event":"\u001b[0m07:22:29  1 of 32 START sql table model marts.dim_date ................................... [RUN]","logger":"airflow.task.hooks.airflow.providers.standard.hooks.subprocess.SubprocessHook"}
{"timestamp":"2026-09-06T07:22:29.226491","level":"info","event":"\u001b[0m07:22:29  2 of 32 START sql view model staging.stg_food .................................. [RUN]","logger":"airflow.task.hooks.airflow.providers.standard.hooks.subprocess.SubprocessHook"}
{"timestamp":"2026-09-06T07:22:29.228996","level":"info","event":"\u001b[0m07:22:29  3 of 32 START sql view model staging.stg_menu .................................. [RUN]","logger":"airflow.task.hooks.airflow.providers.standard.hooks.subprocess.SubprocessHook"}
{"timestamp":"2026-09-06T07:22:29.243569","level":"info","event":"\u001b[0m07:22:29  4 of 32 START sql view model staging.stg_order_items ........................... [RUN]","logger":"airflow.task.hooks.airflow.providers.standard.hooks.subprocess.SubprocessHook"}
{"timestamp":"2026-09-06T07:22:29.245706","level":"info","event":"\u001b[0m07:22:29  5 of 32 START sql view model staging.stg_orders ................................ [RUN]","logger":"airflow.task.hooks.airflow.providers.standard.hooks.subprocess.SubprocessHook"}
{"timestamp":"2026-09-06T07:22:29.247640","level":"info","event":"\u001b[0m07:22:29  6 of 32 START sql view model staging.stg_restaurants ........................... [RUN]","logger":"airflow.task.hooks.airflow.providers.standard.hooks.subprocess.SubprocessHook"}
{"timestamp":"2026-09-06T07:22:29.248611","level":"info","event":"\u001b[0m07:22:29  7 of 32 START sql view model staging.stg_users ................................. [RUN]","logger":"airflow.task.hooks.airflow.providers.standard.hooks.subprocess.SubprocessHook"}
{"timestamp":"2026-09-06T07:22:32.665013","level":"info","event":"\u001b[0m07:22:32  4 of 32 OK created sql view model staging.stg_order_items ...................... [\u001b[32mSUCCESS 1\u001b[0m in 3.40s]","logger":"airflow.task.hooks.airflow.providers.standard.hooks.subprocess.SubprocessHook"}
{"timestamp":"2026-09-06T07:22:32.668148","level":"info","event":"\u001b[0m07:22:32  8 of 32 START test not_null_stg_order_items_order_item_id ...................... [RUN]","logger":"airflow.task.hooks.airflow.providers.standard.hooks.subprocess.SubprocessHook"}
{"timestamp":"2026-09-06T07:22:32.671269","level":"info","event":"\u001b[0m07:22:32  9 of 32 START test unique_stg_order_items_order_item_id ........................ [RUN]","logger":"airflow.task.hooks.airflow.providers.standard.hooks.subprocess.SubprocessHook"}
{"timestamp":"2026-09-06T07:22:32.708667","level":"info","event":"\u001b[0m07:22:32  6 of 32 OK created sql view model staging.stg_restaurants ...................... [\u001b[32mSUCCESS 1\u001b[0m in 3.43s]","logger":"airflow.task.hooks.airflow.providers.standard.hooks.subprocess.SubprocessHook"}
{"timestamp":"2026-09-06T07:22:32.764117","level":"info","event":"\u001b[0m07:22:32  10 of 32 START test not_null_stg_restaurants_restaurant_id ..................... [RUN]","logger":"airflow.task.hooks.airflow.providers.standard.hooks.subprocess.SubprocessHook"}
{"timestamp":"2026-09-06T07:22:33.170397","level":"info","event":"\u001b[0m07:22:33  7 of 32 OK created sql view model staging.stg_users ............................ [\u001b[32mSUCCESS 1\u001b[0m in 3.91s]","logger":"airflow.task.hooks.airflow.providers.standard.hooks.subprocess.SubprocessHook"}
{"timestamp":"2026-09-06T07:22:33.173055","level":"info","event":"\u001b[0m07:22:33  11 of 32 START test unique_stg_restaurants_restaurant_id ....................... [RUN]","logger":"airflow.task.hooks.airflow.providers.standard.hooks.subprocess.SubprocessHook"}
{"timestamp":"2026-09-06T07:22:33.258073","level":"info","event":"\u001b[0m07:22:33  1 of 32 OK created sql table model marts.dim_date .............................. [\u001b[32mSUCCESS 1\u001b[0m in 4.03s]","logger":"airflow.task.hooks.airflow.providers.standard.hooks.subprocess.SubprocessHook"}
{"timestamp":"2026-09-06T07:22:33.261677","level":"info","event":"\u001b[0m07:22:33  12 of 32 START test not_null_stg_users_customer_id ............................. [RUN]","logger":"airflow.task.hooks.airflow.providers.standard.hooks.subprocess.SubprocessHook"}
{"timestamp":"2026-09-06T07:22:33.278273","level":"info","event":"\u001b[0m07:22:33  5 of 32 OK created sql view model staging.stg_orders ........................... [\u001b[32mSUCCESS 1\u001b[0m in 4.02s]","logger":"airflow.task.hooks.airflow.providers.standard.hooks.subprocess.SubprocessHook"}
{"timestamp":"2026-09-06T07:22:33.280783","level":"info","event":"\u001b[0m07:22:33  13 of 32 START test unique_stg_users_customer_id ............................... [RUN]","logger":"airflow.task.hooks.airflow.providers.standard.hooks.subprocess.SubprocessHook"}
{"timestamp":"2026-09-06T07:22:33.406250","level":"info","event":"\u001b[0m07:22:33  2 of 32 OK created sql view model staging.stg_food ............................. [\u001b[32mSUCCESS 1\u001b[0m in 4.17s]","logger":"airflow.task.hooks.airflow.providers.standard.hooks.subprocess.SubprocessHook"}
{"timestamp":"2026-09-06T07:22:33.408849","level":"info","event":"\u001b[0m07:22:33  14 of 32 START test not_null_stg_orders_customer_id ............................ [RUN]","logger":"airflow.task.hooks.airflow.providers.standard.hooks.subprocess.SubprocessHook"}
{"timestamp":"2026-09-06T07:22:33.451601","level":"info","event":"\u001b[0m07:22:33  3 of 32 OK created sql view model staging.stg_menu ............................. [\u001b[32mSUCCESS 1\u001b[0m in 4.21s]","logger":"airflow.task.hooks.airflow.providers.standard.hooks.subprocess.SubprocessHook"}
{"timestamp":"2026-09-06T07:22:33.454197","level":"info","event":"\u001b[0m07:22:33  15 of 32 START test not_null_stg_orders_order_id ............................... [RUN]","logger":"airflow.task.hooks.airflow.providers.standard.hooks.subprocess.SubprocessHook"}
{"timestamp":"2026-09-06T07:22:35.766371","level":"info","event":"\u001b[0m07:22:35  8 of 32 PASS not_null_stg_order_items_order_item_id ............................ [\u001b[32mPASS\u001b[0m in 3.10s]","logger":"airflow.task.hooks.airflow.providers.standard.hooks.subprocess.SubprocessHook"}
{"timestamp":"2026-09-06T07:22:35.768910","level":"info","event":"\u001b[0m07:22:35  16 of 32 START test not_null_stg_orders_restaurant_id .......................... [RUN]","logger":"airflow.task.hooks.airflow.providers.standard.hooks.subprocess.SubprocessHook"}
{"timestamp":"2026-09-06T07:22:35.980449","level":"info","event":"\u001b[0m07:22:35  10 of 32 PASS not_null_stg_restaurants_restaurant_id ........................... [\u001b[32mPASS\u001b[0m in 3.21s]","logger":"airflow.task.hooks.airflow.providers.standard.hooks.subprocess.SubprocessHook"}
{"timestamp":"2026-09-06T07:22:35.983006","level":"info","event":"\u001b[0m07:22:35  17 of 32 START test unique_stg_orders_order_id ................................. [RUN]","logger":"airflow.task.hooks.airflow.providers.standard.hooks.subprocess.SubprocessHook"}
{"timestamp":"2026-09-06T07:22:36.122982","level":"info","event":"\u001b[0m07:22:36  9 of 32 PASS unique_stg_order_items_order_item_id .............................. [\u001b[32mPASS\u001b[0m in 3.45s]","logger":"airflow.task.hooks.airflow.providers.standard.hooks.subprocess.SubprocessHook"}
{"timestamp":"2026-09-06T07:22:36.126444","level":"info","event":"\u001b[0m07:22:36  18 of 32 START sql table model marts.dim_food .................................. [RUN]","logger":"airflow.task.hooks.airflow.providers.standard.hooks.subprocess.SubprocessHook"}
{"timestamp":"2026-09-06T07:22:36.213098","level":"info","event":"\u001b[0m07:22:36  12 of 32 PASS not_null_stg_users_customer_id ................................... [\u001b[32mPASS\u001b[0m in 2.95s]","logger":"airflow.task.hooks.airflow.providers.standard.hooks.subprocess.SubprocessHook"}
{"timestamp":"2026-09-06T07:22:36.289256","level":"info","event":"\u001b[0m07:22:36  14 of 32 PASS not_null_stg_orders_customer_id .................................. [\u001b[32mPASS\u001b[0m in 2.88s]","logger":"airflow.task.hooks.airflow.providers.standard.hooks.subprocess.SubprocessHook"}
{"timestamp":"2026-09-06T07:22:36.311188","level":"info","event":"\u001b[0m07:22:36  11 of 32 PASS unique_stg_restaurants_restaurant_id ............................. [\u001b[32mPASS\u001b[0m in 3.14s]","logger":"airflow.task.hooks.airflow.providers.standard.hooks.subprocess.SubprocessHook"}
{"timestamp":"2026-09-06T07:22:36.314287","level":"info","event":"\u001b[0m07:22:36  19 of 32 START sql table model marts.dim_restaurants ........................... [RUN]","logger":"airflow.task.hooks.airflow.providers.standard.hooks.subprocess.SubprocessHook"}
{"timestamp":"2026-09-06T07:22:36.320703","level":"info","event":"\u001b[0m07:22:36  20 of 32 START sql view model staging.stg_reviews .............................. [RUN]","logger":"airflow.task.hooks.airflow.providers.standard.hooks.subprocess.SubprocessHook"}
{"timestamp":"2026-09-06T07:22:36.367281","level":"info","event":"\u001b[0m07:22:36  13 of 32 PASS unique_stg_users_customer_id ..................................... [\u001b[32mPASS\u001b[0m in 3.09s]","logger":"airflow.task.hooks.airflow.providers.standard.hooks.subprocess.SubprocessHook"}
{"timestamp":"2026-09-06T07:22:36.387484","level":"info","event":"\u001b[0m07:22:36  21 of 32 START sql table model marts.dim_customer .............................. [RUN]","logger":"airflow.task.hooks.airflow.providers.standard.hooks.subprocess.SubprocessHook"}
{"timestamp":"2026-09-06T07:22:36.536294","level":"info","event":"\u001b[0m07:22:36  15 of 32 PASS not_null_stg_orders_order_id ..................................... [\u001b[32mPASS\u001b[0m in 3.08s]","logger":"airflow.task.hooks.airflow.providers.standard.hooks.subprocess.SubprocessHook"}
{"timestamp":"2026-09-06T07:22:38.654986","level":"info","event":"\u001b[0m07:22:38  16 of 32 PASS not_null_stg_orders_restaurant_id ................................ [\u001b[32mPASS\u001b[0m in 2.88s]","logger":"airflow.task.hooks.airflow.providers.standard.hooks.subprocess.SubprocessHook"}
{"timestamp":"2026-09-06T07:22:39.107934","level":"info","event":"\u001b[0m07:22:39  17 of 32 PASS unique_stg_orders_order_id ....................................... [\u001b[32mPASS\u001b[0m in 3.12s]","logger":"airflow.task.hooks.airflow.providers.standard.hooks.subprocess.SubprocessHook"}
{"timestamp":"2026-09-06T07:22:39.111904","level":"info","event":"\u001b[0m07:22:39  22 of 32 START sql incremental model marts.fact_order_items .................... [RUN]","logger":"airflow.task.hooks.airflow.providers.standard.hooks.subprocess.SubprocessHook"}
{"timestamp":"2026-09-06T07:22:39.112911","level":"info","event":"\u001b[0m07:22:39  23 of 32 START sql incremental model marts.fct_orders .......................... [RUN]","logger":"airflow.task.hooks.airflow.providers.standard.hooks.subprocess.SubprocessHook"}
{"timestamp":"2026-09-06T07:22:39.505255","level":"info","event":"\u001b[0m07:22:39  20 of 32 OK created sql view model staging.stg_reviews ......................... [\u001b[32mSUCCESS 1\u001b[0m in 3.18s]","logger":"airflow.task.hooks.airflow.providers.standard.hooks.subprocess.SubprocessHook"}
{"timestamp":"2026-09-06T07:22:39.509910","level":"info","event":"\u001b[0m07:22:39  24 of 32 START test not_null_stg_reviews_review_id ............................. [RUN]","logger":"airflow.task.hooks.airflow.providers.standard.hooks.subprocess.SubprocessHook"}
{"timestamp":"2026-09-06T07:22:39.510813","level":"info","event":"\u001b[0m07:22:39  25 of 32 START test unique_stg_reviews_review_id ............................... [RUN]","logger":"airflow.task.hooks.airflow.providers.standard.hooks.subprocess.SubprocessHook"}
{"timestamp":"2026-09-06T07:22:40.478513","level":"info","event":"\u001b[0m07:22:40  21 of 32 OK created sql table model marts.dim_customer ......................... [\u001b[32mSUCCESS 1\u001b[0m in 4.09s]","logger":"airflow.task.hooks.airflow.providers.standard.hooks.subprocess.SubprocessHook"}
{"timestamp":"2026-09-06T07:22:40.480966","level":"info","event":"\u001b[0m07:22:40  19 of 32 OK created sql table model marts.dim_restaurants ...................... [\u001b[32mSUCCESS 1\u001b[0m in 4.16s]","logger":"airflow.task.hooks.airflow.providers.standard.hooks.subprocess.SubprocessHook"}
{"timestamp":"2026-09-06T07:22:40.483220","level":"info","event":"\u001b[0m07:22:40  18 of 32 OK created sql table model marts.dim_food ............................. [\u001b[32mSUCCESS 1\u001b[0m in 4.35s]","logger":"airflow.task.hooks.airflow.providers.standard.hooks.subprocess.SubprocessHook"}
{"timestamp":"2026-09-06T07:22:42.505983","level":"info","event":"\u001b[0m07:22:42  24 of 32 PASS not_null_stg_reviews_review_id ................................... [\u001b[32mPASS\u001b[0m in 2.99s]","logger":"airflow.task.hooks.airflow.providers.standard.hooks.subprocess.SubprocessHook"}
{"timestamp":"2026-09-06T07:22:42.803587","level":"info","event":"\u001b[0m07:22:42  25 of 32 PASS unique_stg_reviews_review_id ..................................... [\u001b[32mPASS\u001b[0m in 3.29s]","logger":"airflow.task.hooks.airflow.providers.standard.hooks.subprocess.SubprocessHook"}
{"timestamp":"2026-09-06T07:22:44.973627","level":"info","event":"\u001b[0m07:22:44  23 of 32 OK created sql incremental model marts.fct_orders ..................... [\u001b[32mSUCCESS 0\u001b[0m in 5.86s]","logger":"airflow.task.hooks.airflow.providers.standard.hooks.subprocess.SubprocessHook"}
{"timestamp":"2026-09-06T07:22:44.976894","level":"info","event":"\u001b[0m07:22:44  26 of 32 START test accepted_values_fct_orders_order_status__Delivered__Cancelled__Refunded  [RUN]","logger":"airflow.task.hooks.airflow.providers.standard.hooks.subprocess.SubprocessHook"}
{"timestamp":"2026-09-06T07:22:44.981219","level":"info","event":"\u001b[0m07:22:44  27 of 32 START test not_null_fct_orders_order_id ............................... [RUN]","logger":"airflow.task.hooks.airflow.providers.standard.hooks.subprocess.SubprocessHook"}
{"timestamp":"2026-09-06T07:22:44.982902","level":"info","event":"\u001b[0m07:22:44  28 of 32 START test relationships_fct_orders_customer_id__customer_id__ref_dim_customer_  [RUN]","logger":"airflow.task.hooks.airflow.providers.standard.hooks.subprocess.SubprocessHook"}
{"timestamp":"2026-09-06T07:22:44.983760","level":"info","event":"\u001b[0m07:22:44  29 of 32 START test unique_fct_orders_order_id ................................. [RUN]","logger":"airflow.task.hooks.airflow.providers.standard.hooks.subprocess.SubprocessHook"}
{"timestamp":"2026-09-06T07:22:45.053092","level":"info","event":"\u001b[0m07:22:45  22 of 32 OK created sql incremental model marts.fact_order_items ............... [\u001b[32mSUCCESS 0\u001b[0m in 5.94s]","logger":"airflow.task.hooks.airflow.providers.standard.hooks.subprocess.SubprocessHook"}
{"timestamp":"2026-09-06T07:22:48.064435","level":"info","event":"\u001b[0m07:22:48  27 of 32 PASS not_null_fct_orders_order_id ..................................... [\u001b[32mPASS\u001b[0m in 3.08s]","logger":"airflow.task.hooks.airflow.providers.standard.hooks.subprocess.SubprocessHook"}
{"timestamp":"2026-09-06T07:22:48.238319","level":"info","event":"\u001b[0m07:22:48  26 of 32 PASS accepted_values_fct_orders_order_status__Delivered__Cancelled__Refunded  [\u001b[32mPASS\u001b[0m in 3.26s]","logger":"airflow.task.hooks.airflow.providers.standard.hooks.subprocess.SubprocessHook"}
{"timestamp":"2026-09-06T07:22:48.346395","level":"info","event":"\u001b[0m07:22:48  29 of 32 PASS unique_fct_orders_order_id ....................................... [\u001b[32mPASS\u001b[0m in 3.35s]","logger":"airflow.task.hooks.airflow.providers.standard.hooks.subprocess.SubprocessHook"}
{"timestamp":"2026-09-06T07:22:48.349627","level":"info","event":"\u001b[0m07:22:48  30 of 32 START sql table model marts.mart_daily_city_revenune .................. [RUN]","logger":"airflow.task.hooks.airflow.providers.standard.hooks.subprocess.SubprocessHook"}
{"timestamp":"2026-09-06T07:22:48.356171","level":"info","event":"\u001b[0m07:22:48  31 of 32 START sql table model marts.mart_delivry .............................. [RUN]","logger":"airflow.task.hooks.airflow.providers.standard.hooks.subprocess.SubprocessHook"}
{"timestamp":"2026-09-06T07:22:48.358916","level":"info","event":"\u001b[0m07:22:48  32 of 32 START sql table model marts.mart_restaurant_performance ............... [RUN]","logger":"airflow.task.hooks.airflow.providers.standard.hooks.subprocess.SubprocessHook"}
{"timestamp":"2026-09-06T07:22:48.466557","level":"info","event":"\u001b[0m07:22:48  28 of 32 PASS relationships_fct_orders_customer_id__customer_id__ref_dim_customer_  [\u001b[32mPASS\u001b[0m in 3.47s]","logger":"airflow.task.hooks.airflow.providers.standard.hooks.subprocess.SubprocessHook"}
{"timestamp":"2026-09-06T07:22:53.369616","level":"info","event":"\u001b[0m07:22:53  30 of 32 OK created sql table model marts.mart_daily_city_revenune ............. [\u001b[32mSUCCESS 1\u001b[0m in 5.02s]","logger":"airflow.task.hooks.airflow.providers.standard.hooks.subprocess.SubprocessHook"}
{"timestamp":"2026-09-06T07:22:53.370841","level":"info","event":"\u001b[0m07:22:53  31 of 32 OK created sql table model marts.mart_delivry ......................... [\u001b[32mSUCCESS 1\u001b[0m in 5.01s]","logger":"airflow.task.hooks.airflow.providers.standard.hooks.subprocess.SubprocessHook"}
{"timestamp":"2026-09-06T07:22:53.530897","level":"info","event":"\u001b[0m07:22:53  32 of 32 OK created sql table model marts.mart_restaurant_performance .......... [\u001b[32mSUCCESS 1\u001b[0m in 5.17s]","logger":"airflow.task.hooks.airflow.providers.standard.hooks.subprocess.SubprocessHook"}
{"timestamp":"2026-09-06T07:22:53.539843","level":"info","event":"\u001b[0m07:22:53","logger":"airflow.task.hooks.airflow.providers.standard.hooks.subprocess.SubprocessHook"}
{"timestamp":"2026-09-06T07:22:53.540464","level":"info","event":"\u001b[0m07:22:53  Finished running 2 incremental models, 7 table models, 16 data tests, 7 view models in 0 hours 0 minutes and 32.15 seconds (32.15s).","logger":"airflow.task.hooks.airflow.providers.standard.hooks.subprocess.SubprocessHook"}
{"timestamp":"2026-09-06T07:22:53.640088","level":"info","event":"\u001b[0m07:22:53","logger":"airflow.task.hooks.airflow.providers.standard.hooks.subprocess.SubprocessHook"}
{"timestamp":"2026-09-06T07:22:53.640757","level":"info","event":"\u001b[0m07:22:53  \u001b[32mCompleted successfully\u001b[0m","logger":"airflow.task.hooks.airflow.providers.standard.hooks.subprocess.SubprocessHook"}
{"timestamp":"2026-09-06T07:22:53.641405","level":"info","event":"\u001b[0m07:22:53","logger":"airflow.task.hooks.airflow.providers.standard.hooks.subprocess.SubprocessHook"}
{"timestamp":"2026-09-06T07:22:53.642102","level":"info","event":"\u001b[0m07:22:53  Done. PASS=32 WARN=0 ERROR=0 SKIP=0 NO-OP=0 REUSED=0 TOTAL=32","logger":"airflow.task.hooks.airflow.providers.standard.hooks.subprocess.SubprocessHook"}
{"timestamp":"2026-09-06T07:22:53.643170","level":"info","event":"\u001b[0m07:22:53  [\u001b[33mWARNING\u001b[0m][DeprecationsSummary]: Deprecated functionality","logger":"airflow.task.hooks.airflow.providers.standard.hooks.subprocess.SubprocessHook"}
{"timestamp":"2026-09-06T07:22:53.643315","level":"info","event":"Summary of encountered deprecations:","logger":"airflow.task.hooks.airflow.providers.standard.hooks.subprocess.SubprocessHook"}
{"timestamp":"2026-09-06T07:22:53.643423","level":"info","event":"- MissingArgumentsPropertyInGenericTestDeprecation: 2 occurrences","logger":"airflow.task.hooks.airflow.providers.standard.hooks.subprocess.SubprocessHook"}
{"timestamp":"2026-09-06T07:22:53.643521","level":"info","event":"To see all deprecation instances instead of just the first occurrence of each,","logger":"airflow.task.hooks.airflow.providers.standard.hooks.subprocess.SubprocessHook"}
{"timestamp":"2026-09-06T07:22:53.643614","level":"info","event":"run command again with the `--show-all-deprecations` flag. You may also need to","logger":"airflow.task.hooks.airflow.providers.standard.hooks.subprocess.SubprocessHook"}
{"timestamp":"2026-09-06T07:22:53.643703","level":"info","event":"run with `--no-partial-parse` as some deprecations are only encountered during","logger":"airflow.task.hooks.airflow.providers.standard.hooks.subprocess.SubprocessHook"}
{"timestamp":"2026-09-06T07:22:53.643790","level":"info","event":"parsing.","logger":"airflow.task.hooks.airflow.providers.standard.hooks.subprocess.SubprocessHook"}
{"timestamp":"2026-09-06T07:22:55.343853","level":"info","event":"Command exited with return code 0","logger":"airflow.task.hooks.airflow.providers.standard.hooks.subprocess.SubprocessHook"}
{"timestamp":"2026-09-06T07:22:55.344882","level":"info","event":"Pushing xcom","ti":"RuntimeTaskInstance(id=UUID('01a07598-7d41-710f-9c41-896e0915b215'), task_id='dbt_build_core', dag_id='zomato_batch', run_id='manual__2026-09-06T07:22:02.930003+00:00', try_number=1, map_index=-1, hostname='ea43d8bed32c', context_carrier=None, task=<Task(BashOperator): dbt_build_core>, bundle_instance=LocalDagBundle(name=dags-folder), max_tries=0, start_date=datetime.datetime(2026, 9, 6, 7, 22, 13, 78869, tzinfo=datetime.timezone.utc), end_date=None, state=<TaskInstanceState.RUNNING: 'running'>, is_mapped=False, rendered_map_index=None, log_url='http://localhost:8080/dags/zomato_batch/runs/manual__2026-09-06T07%3A22%3A02.930003%2B00%3A00/tasks/dbt_build_core?try_number=1')","logger":"task"}
