{"timestamp":"2026-09-06T07:20:20.111381","level":"info","event":"DAG bundles loaded: dags-folder","logger":"airflow.dag_processing.bundles.manager.DagBundlesManager"}
{"timestamp":"2026-09-06T07:20:20.112084","level":"info","event":"Filling up the DagBag from /opt/airflow/dags/zomato_batch.py","logger":"airflow.models.dagbag.DagBag"}
{"timestamp":"2026-09-06T07:20:20.185745","level":"info","event":"Executing: ['USE WAREHOUSE ZOMATO_WH', \"COPY INTO ZOMATO.RAW.restaurants FROM @ZOMATO.RAW.ZOMATO_RAW_STAGE/restaurants/ ON_ERROR='CONTINUE'\", \"COPY INTO ZOMATO.RAW.users FROM @ZOMATO.RAW.ZOMATO_RAW_STAGE/users/ ON_ERROR='CONTINUE'\", \"COPY INTO ZOMATO.RAW.food FROM @ZOMATO.RAW.ZOMATO_RAW_STAGE/food/ ON_ERROR='CONTINUE'\", \"COPY INTO ZOMATO.RAW.menu FROM @ZOMATO.RAW.ZOMATO_RAW_STAGE/menu/ ON_ERROR='CONTINUE'\", 'COPY INTO ZOMATO.RAW.orders FROM @ZOMATO.RAW.ZOMATO_RAW_STAGE/orders/', 'COPY INTO ZOMATO.RAW.order_items FROM @ZOMATO.RAW.ZOMATO_RAW_STAGE/order_items/', 'COPY INTO ZOMATO.RAW.reviews FROM @ZOMATO.RAW.ZOMATO_RAW_STAGE/reviews/']","logger":"airflow.task.operators.airflow.providers.common.sql.operators.sql.SQLExecuteQueryOperator"}
{"timestamp":"2026-09-06T07:20:20.188665","level":"warning","event":"empty cryptography key - values will not be stored encrypted.","logger":"airflow.models.crypto"}
{"timestamp":"2026-09-06T07:20:20.189425","level":"info","event":"Connection Retrieved 'snowflake_default'","logger":"airflow.hooks.base"}
{"timestamp":"2026-09-06T07:20:21.033103","level":"info","event":"Connection Retrieved 'snowflake_default'","logger":"airflow.hooks.base"}
{"timestamp":"2026-09-06T07:20:21.033696","level":"info","event":"Snowflake Connector for Python Version: 3.16.0, Python Version: 3.12.11, Platform: Linux-7.1.8-100.fc43.x86_64-x86_64-with-glibc2.36","logger":"snowflake.connector.connection"}
{"timestamp":"2026-09-06T07:20:21.034286","level":"info","event":"Connecting to GLOBAL Snowflake domain","logger":"snowflake.connector.connection"}
{"timestamp":"2026-09-06T07:20:22.844265","level":"info","event":"Running statement: USE WAREHOUSE ZOMATO_WH, parameters: None","logger":"airflow.task.hooks.airflow.providers.snowflake.hooks.snowflake.SnowflakeHook"}
{"timestamp":"2026-09-06T07:20:22.844466","level":"info","event":"Running statement: USE WAREHOUSE ZOMATO_WH, parameters: None","logger":"airflow.task.hooks.airflow.providers.snowflake.hooks.snowflake.SnowflakeHook"}
{"timestamp":"2026-09-06T07:20:23.007473","level":"info","event":"Rows affected: 1","logger":"airflow.task.hooks.airflow.providers.snowflake.hooks.snowflake.SnowflakeHook"}
{"timestamp":"2026-09-06T07:20:23.007911","level":"info","event":"Rows affected: 1","logger":"airflow.task.hooks.airflow.providers.snowflake.hooks.snowflake.SnowflakeHook"}
{"timestamp":"2026-09-06T07:20:23.008088","level":"info","event":"Snowflake query id: 01c6e278-0005-77bc-0001-9bea00028ae2","logger":"airflow.task.hooks.airflow.providers.snowflake.hooks.snowflake.SnowflakeHook"}
{"timestamp":"2026-09-06T07:20:23.008247","level":"info","event":"Running statement: COPY INTO ZOMATO.RAW.restaurants FROM @ZOMATO.RAW.ZOMATO_RAW_STAGE/restaurants/ ON_ERROR='CONTINUE', parameters: None","logger":"airflow.task.hooks.airflow.providers.snowflake.hooks.snowflake.SnowflakeHook"}
{"timestamp":"2026-09-06T07:20:23.008421","level":"info","event":"Running statement: COPY INTO ZOMATO.RAW.restaurants FROM @ZOMATO.RAW.ZOMATO_RAW_STAGE/restaurants/ ON_ERROR='CONTINUE', parameters: None","logger":"airflow.task.hooks.airflow.providers.snowflake.hooks.snowflake.SnowflakeHook"}
{"timestamp":"2026-09-06T07:20:23.866860","level":"info","event":"Rows affected: 1","logger":"airflow.task.hooks.airflow.providers.snowflake.hooks.snowflake.SnowflakeHook"}
{"timestamp":"2026-09-06T07:20:23.867124","level":"info","event":"Rows affected: 1","logger":"airflow.task.hooks.airflow.providers.snowflake.hooks.snowflake.SnowflakeHook"}
{"timestamp":"2026-09-06T07:20:23.867244","level":"info","event":"Snowflake query id: 01c6e278-0005-7864-0001-9bea00035b3e","logger":"airflow.task.hooks.airflow.providers.snowflake.hooks.snowflake.SnowflakeHook"}
{"timestamp":"2026-09-06T07:20:23.867359","level":"info","event":"Running statement: COPY INTO ZOMATO.RAW.users FROM @ZOMATO.RAW.ZOMATO_RAW_STAGE/users/ ON_ERROR='CONTINUE', parameters: None","logger":"airflow.task.hooks.airflow.providers.snowflake.hooks.snowflake.SnowflakeHook"}
{"timestamp":"2026-09-06T07:20:23.867456","level":"info","event":"Running statement: COPY INTO ZOMATO.RAW.users FROM @ZOMATO.RAW.ZOMATO_RAW_STAGE/users/ ON_ERROR='CONTINUE', parameters: None","logger":"airflow.task.hooks.airflow.providers.snowflake.hooks.snowflake.SnowflakeHook"}
{"timestamp":"2026-09-06T07:20:24.479407","level":"info","event":"Rows affected: 1","logger":"airflow.task.hooks.airflow.providers.snowflake.hooks.snowflake.SnowflakeHook"}
{"timestamp":"2026-09-06T07:20:24.479650","level":"info","event":"Rows affected: 1","logger":"airflow.task.hooks.airflow.providers.snowflake.hooks.snowflake.SnowflakeHook"}
{"timestamp":"2026-09-06T07:20:24.479763","level":"info","event":"Snowflake query id: 01c6e278-0005-7864-0001-9bea00035b42","logger":"airflow.task.hooks.airflow.providers.snowflake.hooks.snowflake.SnowflakeHook"}
{"timestamp":"2026-09-06T07:20:24.479861","level":"info","event":"Running statement: COPY INTO ZOMATO.RAW.food FROM @ZOMATO.RAW.ZOMATO_RAW_STAGE/food/ ON_ERROR='CONTINUE', parameters: None","logger":"airflow.task.hooks.airflow.providers.snowflake.hooks.snowflake.SnowflakeHook"}
{"timestamp":"2026-09-06T07:20:24.479958","level":"info","event":"Running statement: COPY INTO ZOMATO.RAW.food FROM @ZOMATO.RAW.ZOMATO_RAW_STAGE/food/ ON_ERROR='CONTINUE', parameters: None","logger":"airflow.task.hooks.airflow.providers.snowflake.hooks.snowflake.SnowflakeHook"}
{"timestamp":"2026-09-06T07:20:25.298184","level":"info","event":"Rows affected: 1","logger":"airflow.task.hooks.airflow.providers.snowflake.hooks.snowflake.SnowflakeHook"}
{"timestamp":"2026-09-06T07:20:25.298441","level":"info","event":"Rows affected: 1","logger":"airflow.task.hooks.airflow.providers.snowflake.hooks.snowflake.SnowflakeHook"}
{"timestamp":"2026-09-06T07:20:25.298559","level":"info","event":"Snowflake query id: 01c6e278-0005-774c-0001-9bea00032502","logger":"airflow.task.hooks.airflow.providers.snowflake.hooks.snowflake.SnowflakeHook"}
{"timestamp":"2026-09-06T07:20:25.298657","level":"info","event":"Running statement: COPY INTO ZOMATO.RAW.menu FROM @ZOMATO.RAW.ZOMATO_RAW_STAGE/menu/ ON_ERROR='CONTINUE', parameters: None","logger":"airflow.task.hooks.airflow.providers.snowflake.hooks.snowflake.SnowflakeHook"}
{"timestamp":"2026-09-06T07:20:25.298748","level":"info","event":"Running statement: COPY INTO ZOMATO.RAW.menu FROM @ZOMATO.RAW.ZOMATO_RAW_STAGE/menu/ ON_ERROR='CONTINUE', parameters: None","logger":"airflow.task.hooks.airflow.providers.snowflake.hooks.snowflake.SnowflakeHook"}
{"timestamp":"2026-09-06T07:20:26.321657","level":"info","event":"Rows affected: 1","logger":"airflow.task.hooks.airflow.providers.snowflake.hooks.snowflake.SnowflakeHook"}
{"timestamp":"2026-09-06T07:20:26.321905","level":"info","event":"Rows affected: 1","logger":"airflow.task.hooks.airflow.providers.snowflake.hooks.snowflake.SnowflakeHook"}
{"timestamp":"2026-09-06T07:20:26.322024","level":"info","event":"Snowflake query id: 01c6e278-0005-785f-0001-9bea0003320e","logger":"airflow.task.hooks.airflow.providers.snowflake.hooks.snowflake.SnowflakeHook"}
{"timestamp":"2026-09-06T07:20:26.322123","level":"info","event":"Running statement: COPY INTO ZOMATO.RAW.orders FROM @ZOMATO.RAW.ZOMATO_RAW_STAGE/orders/, parameters: None","logger":"airflow.task.hooks.airflow.providers.snowflake.hooks.snowflake.SnowflakeHook"}
{"timestamp":"2026-09-06T07:20:26.322215","level":"info","event":"Running statement: COPY INTO ZOMATO.RAW.orders FROM @ZOMATO.RAW.ZOMATO_RAW_STAGE/orders/, parameters: None","logger":"airflow.task.hooks.airflow.providers.snowflake.hooks.snowflake.SnowflakeHook"}
{"timestamp":"2026-09-06T07:20:26.936465","level":"info","event":"Rows affected: 1","logger":"airflow.task.hooks.airflow.providers.snowflake.hooks.snowflake.SnowflakeHook"}
{"timestamp":"2026-09-06T07:20:26.936711","level":"info","event":"Rows affected: 1","logger":"airflow.task.hooks.airflow.providers.snowflake.hooks.snowflake.SnowflakeHook"}
{"timestamp":"2026-09-06T07:20:26.936824","level":"info","event":"Snowflake query id: 01c6e278-0005-7864-0001-9bea00035b46","logger":"airflow.task.hooks.airflow.providers.snowflake.hooks.snowflake.SnowflakeHook"}
{"timestamp":"2026-09-06T07:20:26.936920","level":"info","event":"Running statement: COPY INTO ZOMATO.RAW.order_items FROM @ZOMATO.RAW.ZOMATO_RAW_STAGE/order_items/, parameters: None","logger":"airflow.task.hooks.airflow.providers.snowflake.hooks.snowflake.SnowflakeHook"}
{"timestamp":"2026-09-06T07:20:26.937012","level":"info","event":"Running statement: COPY INTO ZOMATO.RAW.order_items FROM @ZOMATO.RAW.ZOMATO_RAW_STAGE/order_items/, parameters: None","logger":"airflow.task.hooks.airflow.providers.snowflake.hooks.snowflake.SnowflakeHook"}
{"timestamp":"2026-09-06T07:20:27.756383","level":"info","event":"Rows affected: 1","logger":"airflow.task.hooks.airflow.providers.snowflake.hooks.snowflake.SnowflakeHook"}
{"timestamp":"2026-09-06T07:20:27.756628","level":"info","event":"Rows affected: 1","logger":"airflow.task.hooks.airflow.providers.snowflake.hooks.snowflake.SnowflakeHook"}
{"timestamp":"2026-09-06T07:20:27.756741","level":"info","event":"Snowflake query id: 01c6e278-0005-77bc-0001-9bea00028ae6","logger":"airflow.task.hooks.airflow.providers.snowflake.hooks.snowflake.SnowflakeHook"}
{"timestamp":"2026-09-06T07:20:27.756839","level":"info","event":"Running statement: COPY INTO ZOMATO.RAW.reviews FROM @ZOMATO.RAW.ZOMATO_RAW_STAGE/reviews/, parameters: None","logger":"airflow.task.hooks.airflow.providers.snowflake.hooks.snowflake.SnowflakeHook"}
{"timestamp":"2026-09-06T07:20:27.756928","level":"info","event":"Running statement: COPY INTO ZOMATO.RAW.reviews FROM @ZOMATO.RAW.ZOMATO_RAW_STAGE/reviews/, parameters: None","logger":"airflow.task.hooks.airflow.providers.snowflake.hooks.snowflake.SnowflakeHook"}
{"timestamp":"2026-09-06T07:20:28.273653","level":"info","event":"Rows affected: 1","logger":"airflow.task.hooks.airflow.providers.snowflake.hooks.snowflake.SnowflakeHook"}
{"timestamp":"2026-09-06T07:20:28.273893","level":"info","event":"Rows affected: 1","logger":"airflow.task.hooks.airflow.providers.snowflake.hooks.snowflake.SnowflakeHook"}
{"timestamp":"2026-09-06T07:20:28.274006","level":"info","event":"Snowflake query id: 01c6e278-0005-774c-0001-9bea00032506","logger":"airflow.task.hooks.airflow.providers.snowflake.hooks.snowflake.SnowflakeHook"}
{"timestamp":"2026-09-06T07:20:28.461795","level":"info","event":"result: [[('Statement executed successfully.',)], [('Copy executed with 0 files processed.',)], [('Copy executed with 0 files processed.',)], [('Copy executed with 0 files processed.',)], [('Copy executed with 0 files processed.',)], [('Copy executed with 0 files processed.',)], [('Copy executed with 0 files processed.',)], [('Copy executed with 0 files processed.',)]]","logger":"airflow.task.operators.airflow.providers.common.sql.operators.sql.SQLExecuteQueryOperator"}
{"timestamp":"2026-09-06T07:20:28.462078","level":"info","event":"Pushing xcom","ti":"RuntimeTaskInstance(id=UUID('01a07596-eae1-720d-82be-7143b251019d'), task_id='reload_raw', dag_id='zomato_batch', run_id='manual__2026-09-06T07:20:19.910966+00:00', try_number=1, map_index=-1, hostname='ea43d8bed32c', context_carrier=None, task=<Task(SQLExecuteQueryOperator): reload_raw>, bundle_instance=LocalDagBundle(name=dags-folder), max_tries=0, start_date=datetime.datetime(2026, 9, 6, 7, 20, 20, 62973, tzinfo=datetime.timezone.utc), end_date=None, state=<TaskInstanceState.RUNNING: 'running'>, is_mapped=False, rendered_map_index=None, log_url='http://localhost:8080/dags/zomato_batch/runs/manual__2026-09-06T07%3A20%3A19.910966%2B00%3A00/tasks/reload_raw?try_number=1')","logger":"task"}
