{"timestamp":"2026-09-06T07:07:25.275047","level":"info","event":"DAG bundles loaded: dags-folder","logger":"airflow.dag_processing.bundles.manager.DagBundlesManager"}
{"timestamp":"2026-09-06T07:07:25.275823","level":"info","event":"Filling up the DagBag from /opt/airflow/dags/zomato_batch.py","logger":"airflow.models.dagbag.DagBag"}
{"timestamp":"2026-09-06T07:07:25.332467","level":"info","event":"Tmp dir root location: /tmp","logger":"airflow.task.hooks.airflow.providers.standard.hooks.subprocess.SubprocessHook"}
{"timestamp":"2026-09-06T07:07:25.333010","level":"info","event":"Running command: ['/usr/bin/bash', '-c', '/opt/airflow/dbt_venv/bin/dbt build --exclude tag:ai --project-dir /opt/airflow/dbt/zomato --profiles-dir /opt/airflow/dbt/zomato']","logger":"airflow.task.hooks.airflow.providers.standard.hooks.subprocess.SubprocessHook"}
{"timestamp":"2026-09-06T07:07:25.349268","level":"info","event":"Output:","logger":"airflow.task.hooks.airflow.providers.standard.hooks.subprocess.SubprocessHook"}
{"timestamp":"2026-09-06T07:07:29.464465","level":"info","event":"\u001b[0m07:07:29  [\u001b[31mERROR\u001b[0m]: Encountered an error:","logger":"airflow.task.hooks.airflow.providers.standard.hooks.subprocess.SubprocessHook"}
{"timestamp":"2026-09-06T07:07:29.464630","level":"info","event":"[Errno 13] Permission denied: '/opt/airflow/dbt/zomato/logs/dbt.log'","logger":"airflow.task.hooks.airflow.providers.standard.hooks.subprocess.SubprocessHook"}
{"timestamp":"2026-09-06T07:07:29.468293","level":"info","event":"\u001b[0m07:07:29  Traceback (most recent call last):","logger":"airflow.task.hooks.airflow.providers.standard.hooks.subprocess.SubprocessHook"}
{"timestamp":"2026-09-06T07:07:29.468438","level":"info","event":"  File \"/opt/airflow/dbt_venv/lib/python3.12/site-packages/dbt/cli/requires.py\", line 198, in wrapper","logger":"airflow.task.hooks.airflow.providers.standard.hooks.subprocess.SubprocessHook"}
{"timestamp":"2026-09-06T07:07:29.468551","level":"info","event":"    result, success = func(*args, **kwargs)","logger":"airflow.task.hooks.airflow.providers.standard.hooks.subprocess.SubprocessHook"}
{"timestamp":"2026-09-06T07:07:29.468653","level":"info","event":"                      ^^^^^^^^^^^^^^^^^^^^^","logger":"airflow.task.hooks.airflow.providers.standard.hooks.subprocess.SubprocessHook"}
{"timestamp":"2026-09-06T07:07:29.468751","level":"info","event":"  File \"/opt/airflow/dbt_venv/lib/python3.12/site-packages/dbt/cli/requires.py\", line 112, in wrapper","logger":"airflow.task.hooks.airflow.providers.standard.hooks.subprocess.SubprocessHook"}
{"timestamp":"2026-09-06T07:07:29.468847","level":"info","event":"    setup_event_logger(flags=flags, callbacks=callbacks)","logger":"airflow.task.hooks.airflow.providers.standard.hooks.subprocess.SubprocessHook"}
{"timestamp":"2026-09-06T07:07:29.468942","level":"info","event":"  File \"/opt/airflow/dbt_venv/lib/python3.12/site-packages/dbt/events/logging.py\", line 100, in setup_event_logger","logger":"airflow.task.hooks.airflow.providers.standard.hooks.subprocess.SubprocessHook"}
{"timestamp":"2026-09-06T07:07:29.469034","level":"info","event":"    add_logger_to_manager(","logger":"airflow.task.hooks.airflow.providers.standard.hooks.subprocess.SubprocessHook"}
{"timestamp":"2026-09-06T07:07:29.469128","level":"info","event":"  File \"/opt/airflow/dbt_venv/lib/python3.12/site-packages/dbt_common/events/event_manager_client.py\", line 15, in add_logger_to_manager","logger":"airflow.task.hooks.airflow.providers.standard.hooks.subprocess.SubprocessHook"}
{"timestamp":"2026-09-06T07:07:29.469222","level":"info","event":"    _EVENT_MANAGER.add_logger(logger)","logger":"airflow.task.hooks.airflow.providers.standard.hooks.subprocess.SubprocessHook"}
{"timestamp":"2026-09-06T07:07:29.469315","level":"info","event":"  File \"/opt/airflow/dbt_venv/lib/python3.12/site-packages/dbt_common/events/event_manager.py\", line 106, in add_logger","logger":"airflow.task.hooks.airflow.providers.standard.hooks.subprocess.SubprocessHook"}
{"timestamp":"2026-09-06T07:07:29.469409","level":"info","event":"    _JsonLogger(config) if config.line_format == LineFormat.Json else _TextLogger(config)","logger":"airflow.task.hooks.airflow.providers.standard.hooks.subprocess.SubprocessHook"}
{"timestamp":"2026-09-06T07:07:29.469499","level":"info","event":"                                                                      ^^^^^^^^^^^^^^^^^^^","logger":"airflow.task.hooks.airflow.providers.standard.hooks.subprocess.SubprocessHook"}
{"timestamp":"2026-09-06T07:07:29.469587","level":"info","event":"  File \"/opt/airflow/dbt_venv/lib/python3.12/site-packages/dbt_common/events/logger.py\", line 147, in __init__","logger":"airflow.task.hooks.airflow.providers.standard.hooks.subprocess.SubprocessHook"}
{"timestamp":"2026-09-06T07:07:29.469670","level":"info","event":"    super().__init__(config)","logger":"airflow.task.hooks.airflow.providers.standard.hooks.subprocess.SubprocessHook"}
{"timestamp":"2026-09-06T07:07:29.469753","level":"info","event":"  File \"/opt/airflow/dbt_venv/lib/python3.12/site-packages/dbt_common/events/logger.py\", line 107, in __init__","logger":"airflow.task.hooks.airflow.providers.standard.hooks.subprocess.SubprocessHook"}
{"timestamp":"2026-09-06T07:07:29.469835","level":"info","event":"    file_handler = RotatingFileHandler(","logger":"airflow.task.hooks.airflow.providers.standard.hooks.subprocess.SubprocessHook"}
{"timestamp":"2026-09-06T07:07:29.469917","level":"info","event":"                   ^^^^^^^^^^^^^^^^^^^^","logger":"airflow.task.hooks.airflow.providers.standard.hooks.subprocess.SubprocessHook"}
{"timestamp":"2026-09-06T07:07:29.469998","level":"info","event":"  File \"/usr/local/lib/python3.12/logging/handlers.py\", line 155, in __init__","logger":"airflow.task.hooks.airflow.providers.standard.hooks.subprocess.SubprocessHook"}
{"timestamp":"2026-09-06T07:07:29.470081","level":"info","event":"    BaseRotatingHandler.__init__(self, filename, mode, encoding=encoding,","logger":"airflow.task.hooks.airflow.providers.standard.hooks.subprocess.SubprocessHook"}
{"timestamp":"2026-09-06T07:07:29.470165","level":"info","event":"  File \"/usr/local/lib/python3.12/logging/handlers.py\", line 58, in __init__","logger":"airflow.task.hooks.airflow.providers.standard.hooks.subprocess.SubprocessHook"}
{"timestamp":"2026-09-06T07:07:29.470246","level":"info","event":"    logging.FileHandler.__init__(self, filename, mode=mode,","logger":"airflow.task.hooks.airflow.providers.standard.hooks.subprocess.SubprocessHook"}
{"timestamp":"2026-09-06T07:07:29.470343","level":"info","event":"  File \"/usr/local/lib/python3.12/logging/__init__.py\", line 1231, in __init__","logger":"airflow.task.hooks.airflow.providers.standard.hooks.subprocess.SubprocessHook"}
{"timestamp":"2026-09-06T07:07:29.470428","level":"info","event":"    StreamHandler.__init__(self, self._open())","logger":"airflow.task.hooks.airflow.providers.standard.hooks.subprocess.SubprocessHook"}
{"timestamp":"2026-09-06T07:07:29.470509","level":"info","event":"                                 ^^^^^^^^^^^^","logger":"airflow.task.hooks.airflow.providers.standard.hooks.subprocess.SubprocessHook"}
{"timestamp":"2026-09-06T07:07:29.470591","level":"info","event":"  File \"/usr/local/lib/python3.12/logging/__init__.py\", line 1263, in _open","logger":"airflow.task.hooks.airflow.providers.standard.hooks.subprocess.SubprocessHook"}
{"timestamp":"2026-09-06T07:07:29.470673","level":"info","event":"    return open_func(self.baseFilename, self.mode,","logger":"airflow.task.hooks.airflow.providers.standard.hooks.subprocess.SubprocessHook"}
{"timestamp":"2026-09-06T07:07:29.470755","level":"info","event":"           ^^^^^^^^^^^^^^^^^^^^^^^^^^^^^^^^^^^^^^^","logger":"airflow.task.hooks.airflow.providers.standard.hooks.subprocess.SubprocessHook"}
{"timestamp":"2026-09-06T07:07:29.470838","level":"info","event":"PermissionError: [Errno 13] Permission denied: '/opt/airflow/dbt/zomato/logs/dbt.log'","logger":"airflow.task.hooks.airflow.providers.standard.hooks.subprocess.SubprocessHook"}
{"timestamp":"2026-09-06T07:07:29.470920","level":"info","event":"","logger":"airflow.task.hooks.airflow.providers.standard.hooks.subprocess.SubprocessHook"}
{"timestamp":"2026-09-06T07:07:29.744942","level":"info","event":"Command exited with return code 2","logger":"airflow.task.hooks.airflow.providers.standard.hooks.subprocess.SubprocessHook"}
{"timestamp":"2026-09-06T07:07:29.745549","level":"error","event":"Task failed with exception","logger":"task","error_detail":[{"exc_type":"AirflowException","exc_value":"Bash command failed. The command returned a non-zero exit code 2.","exc_notes":[],"syntax_error":null,"is_cause":false,"frames":[{"filename":"/home/airflow/.local/lib/python3.12/site-packages/airflow/sdk/execution_time/task_runner.py","lineno":877,"name":"run"},{"filename":"/home/airflow/.local/lib/python3.12/site-packages/airflow/sdk/execution_time/task_runner.py","lineno":1164,"name":"_execute_task"},{"filename":"/home/airflow/.local/lib/python3.12/site-packages/airflow/sdk/bases/operator.py","lineno":397,"name":"wrapper"},{"filename":"/home/airflow/.local/lib/python3.12/site-packages/airflow/providers/standard/operators/bash.py","lineno":232,"name":"execute"}],"is_group":false,"exceptions":[]}]}
